// Jest Snapshot v1, https://goo.gl/fbAQLP

exports[`NotFound Page renders 1`] = `
<div
  className="container"
>
  <h2>
    요청하신 페이지를 찾을 수 없습니다.
  </h2>
  <button
    className="button"
    onClick={[Function]}
    type="button"
  >
    이전 화면으로 돌아가기
  </button>
</div>
`;
